org.gradle.api.internal.classpath.UnknownModuleException: Cannot locate JAR for module 'gradle-build-cache-packaging' in distribution directory 'C:\gradle'.
	at org.gradle.api.internal.classpath.DefaultModuleRegistry.loadModule(DefaultModuleRegistry.java:180)
	at org.gradle.api.internal.classpath.DefaultModuleRegistry.getModule(DefaultModuleRegistry.java:153)
	at org.gradle.api.internal.classpath.DefaultModuleRegistry.getModules(DefaultModuleRegistry.java:227)
	at org.gradle.api.internal.classpath.DefaultModuleRegistry.access$100(DefaultModuleRegistry.java:49)
	at org.gradle.api.internal.classpath.DefaultModuleRegistry$DefaultModule.getRequiredModules(DefaultModuleRegistry.java:393)
	at org.gradle.api.internal.classpath.DefaultModuleRegistry$DefaultModule.collectRequiredModules(DefaultModuleRegistry.java:431)
	at org.gradle.api.internal.classpath.DefaultModuleRegistry$DefaultModule.getAllRequiredModules(DefaultModuleRegistry.java:414)
	at org.gradle.api.internal.classpath.DefaultModuleRegistry$DefaultModule.getAllRequiredModulesClasspath(DefaultModuleRegistry.java:421)
	at org.gradle.launcher.bootstrap.ProcessBootstrap.runNoExit(ProcessBootstrap.java:56)
	at org.gradle.launcher.bootstrap.ProcessBootstrap.run(ProcessBootstrap.java:39)
	at org.gradle.launcher.GradleMain.main(GradleMain.java:31)
